Microchip MPLAB XC8 Compiler V2.32

Linker command line:

-W-3 --edf=C:\Program Files\Microchip\xc8\v2.32\pic\dat\en_msgs.txt -cn \
  -h+dist/default/debug\TempSensor.X.debug.sym \
  --cmf=dist/default/debug\TempSensor.X.debug.cmf -z -Q16F1827 \
  -oC:\Users\WANG\AppData\Local\Temp\xcAsd60.4 --defsym=__MPLAB_BUILD=1 \
  -Mdist/default/debug/TempSensor.X.debug.map -E1 -ver=XC8 Compiler \
  --acfsm=1493 -ASTACK=02066h-02093h -pstack=STACK -ACODE=00h-07FFhx2 \
  -ASTRCODE=00h-0FFFh -ASTRING=00h-0FFhx16 -ACONST=00h-0FFhx16 \
  -AENTRY=00h-0FFhx16 -ACOMMON=070h-07Fh -ABANK0=020h-06Fh \
  -ABANK1=0A0h-0EFh -ABANK2=0120h-016Fh -ABANK3=01A0h-01EFh \
  -ABANK4=0220h-023Fh -ABIGRAM=02000h-0215Fh \
  -ARAM=020h-06Fh,0A0h-0EFh,0120h-016Fh,01A0h-01EFh,0220h-023Fh \
  -AABS1=020h-07Fh,0A0h-0EFh,0120h-016Fh,01A0h-01EFh,0220h-024Fh \
  -ASFR0=00h-01Fh -ASFR1=080h-09Fh -ASFR2=0100h-011Fh -ASFR3=0180h-019Fh \
  -ASFR4=0200h-021Fh -ASFR5=0280h-02EFh -ASFR6=0300h-036Fh \
  -ASFR7=0380h-03EFh -ASFR8=0400h-046Fh -ASFR9=0480h-04EFh \
  -ASFR10=0500h-056Fh -ASFR11=0580h-05EFh -ASFR12=0600h-066Fh \
  -ASFR13=0680h-06EFh -ASFR14=0700h-076Fh -ASFR15=0780h-07EFh \
  -ASFR16=0800h-086Fh -ASFR17=0880h-08EFh -ASFR18=0900h-096Fh \
  -ASFR19=0980h-09EFh -ASFR20=0A00h-0A6Fh -ASFR21=0A80h-0AEFh \
  -ASFR22=0B00h-0B6Fh -ASFR23=0B80h-0BEFh -ASFR24=0C00h-0C6Fh \
  -ASFR25=0C80h-0CEFh -ASFR26=0D00h-0D6Fh -ASFR27=0D80h-0DEFh \
  -ASFR28=0E00h-0E6Fh -ASFR29=0E80h-0EEFh -ASFR30=0F00h-0F6Fh \
  -ASFR31=0F80h-0FEFh -ACONFIG=08007h-08008h -DCONFIG=2 \
  -AIDLOC=08000h-08003h -DIDLOC=2 -AEEDATA=00h-0FFh/0F000h \
  -peeprom_data=EEDATA -DEEDATA=2 -DCODE=2 -DSTRCODE=2 -DSTRING=2 -DCONST=2 \
  -DENTRY=2 -preset_vec=00h,intentry=04h,init,end_init -ppowerup=CODE \
  -pcinit=CODE -pfunctab=ENTRY -k \
  C:\Users\WANG\AppData\Local\Temp\xcAsd60.o \
  dist/default/debug\TempSensor.X.debug.o 

Object code version is 3.11

Machine type is 16F1827



                Name                               Link     Load   Length Selector   Space Scale
C:\Users\WANG\AppData\Local\Temp\xcAsd60.o
                end_init                             38       38        2        8       0
                reset_vec                             0        0        3        0       0
                config                             8007     8007        2        0       4
dist/default/debug\TempSensor.X.debug.o
                cinit                                3A       3A       23        8       0
                intentry                              4        4       34        8       0
                config                             8007     8007        2        0       4
                text32                              766      766        5      8F8       0
                text31                              52C      52C       56      8F8       0
                text30                              777      777        4      8F8       0
                text29                              784      784        1      8F8       0
                text28                              773      773        4      8F8       0
                text27                              653      653       29      8F8       0
                text26                              781      781        3      8F8       0
                text25                              5D7      5D7       41      8F8       0
                text24                              701      701       10      8F8       0
                text22                              76F      76F        4      8F8       0
                text21                              6D9      6D9       15      8F8       0
                text20                              77E      77E        3      8F8       0
                text19                              77B      77B        3      8F8       0
                text18                              582      582       55      8F8       0
                text17                               5D       5D      11E        8       0
                text16                              17B      17B      101        8       0
                text15                              47C      47C       B0      8F8       0
                text14                              729      729        B      8F8       0
                text13                              73B      73B        7      8F8       0
                text12                              760      760        6      8F8       0
                text11                              75A      75A        6      8F8       0
                text10                              754      754        6      8F8       0
                text9                               74E      74E        6      8F8       0
                text8                               748      748        6      8F8       0
                text7                               618      618       3B      8F8       0
                text6                               734      734        7      8F8       0
                text5                               696      696       17      8F8       0
                text4                               742      742        6      8F8       0
                text3                               6C3      6C3       16      8F8       0
                text2                               76B      76B        4      8F8       0
                text1                               6EE      6EE       13      8F8       0
                maintext                            67C      67C       1A      8F8       0
                cstackBANK0                          20       20       32       20       1
                cstackCOMMON                         70       70        9       70       1
                clrtext                             71D      71D        C      8F8       0
                inittext                            711      711        C      8F8       0
                dataBANK1                            A0       A0       16       A0       1
                bssBANK0                             5E       5E        3       20       1
                bssCOMMON                            79       79        3       70       1
                nvBANK0                              52       52        C       20       1
                nvCOMMON                             7C       7C        1       70       1
                stringtext2                         37C      37C      100      4F8       0
                stringtext1                         27C      27C      100      4F8       0
                idataBANK1                          6AD      6AD       16      8F8       0

TOTAL           Name                               Link     Load   Length     Space
        CLASS   STACK          

        CLASS   CODE           
                end_init                             38       38        2         0
                cinit                                3A       3A       23         0
                intentry                              4        4       34         0
                reset_vec                             0        0        3         0
                text32                              766      766        5         0
                text31                              52C      52C       56         0
                text30                              777      777        4         0
                text29                              784      784        1         0
                text28                              773      773        4         0
                text27                              653      653       29         0
                text26                              781      781        3         0
                text25                              5D7      5D7       41         0
                text24                              701      701       10         0
                text22                              76F      76F        4         0
                text21                              6D9      6D9       15         0
                text20                              77E      77E        3         0
                text19                              77B      77B        3         0
                text18                              582      582       55         0
                text17                               5D       5D      11E         0
                text16                              17B      17B      101         0
                text15                              47C      47C       B0         0
                text14                              729      729        B         0
                text13                              73B      73B        7         0
                text12                              760      760        6         0
                text11                              75A      75A        6         0
                text10                              754      754        6         0
                text9                               74E      74E        6         0
                text8                               748      748        6         0
                text7                               618      618       3B         0
                text6                               734      734        7         0
                text5                               696      696       17         0
                text4                               742      742        6         0
                text3                               6C3      6C3       16         0
                text2                               76B      76B        4         0
                text1                               6EE      6EE       13         0
                maintext                            67C      67C       1A         0
                clrtext                             71D      71D        C         0
                inittext                            711      711        C         0
                idataBANK1                          6AD      6AD       16         0

        CLASS   STRCODE        
                stringtext2                         37C      37C      100         0
                stringtext1                         27C      27C      100         0

        CLASS   STRING         

        CLASS   CONST          

        CLASS   ENTRY          

        CLASS   COMMON         
                cstackCOMMON                         70       70        9         1
                bssCOMMON                            79       79        3         1
                nvCOMMON                             7C       7C        1         1

        CLASS   BANK0          
                cstackBANK0                          20       20       32         1
                bssBANK0                             5E       5E        3         1
                nvBANK0                              52       52        C         1

        CLASS   BANK1          
                dataBANK1                            A0       A0       16         1

        CLASS   BANK2          

        CLASS   BANK3          

        CLASS   BANK4          

        CLASS   BIGRAM         

        CLASS   RAM            

        CLASS   ABS1           
                abs_s1                               7E       7E        2         1
                abs_s1                               E4       E4        C         1
                abs_s1                              120      120       50         1
                abs_s1                              1A0      1A0       50         1
                abs_s1                              220      220       20         1
                abs_s1                             2094     2094        0         1

        CLASS   SFR0           

        CLASS   SFR1           

        CLASS   SFR2           

        CLASS   SFR3           

        CLASS   SFR4           

        CLASS   SFR5           

        CLASS   SFR6           

        CLASS   SFR7           

        CLASS   SFR8           

        CLASS   SFR9           

        CLASS   SFR10          

        CLASS   SFR11          

        CLASS   SFR12          

        CLASS   SFR13          

        CLASS   SFR14          

        CLASS   SFR15          

        CLASS   SFR16          

        CLASS   SFR17          

        CLASS   SFR18          

        CLASS   SFR19          

        CLASS   SFR20          

        CLASS   SFR21          

        CLASS   SFR22          

        CLASS   SFR23          

        CLASS   SFR24          

        CLASS   SFR25          

        CLASS   SFR26          

        CLASS   SFR27          

        CLASS   SFR28          

        CLASS   SFR29          

        CLASS   SFR30          

        CLASS   SFR31          

        CLASS   CONFIG         
                config                             8007     8007        2         4

        CLASS   IDLOC          

        CLASS   EEDATA         

        CLASS   BANK31         

        CLASS   BANK30         

        CLASS   BANK29         

        CLASS   BANK28         

        CLASS   BANK27         

        CLASS   BANK26         

        CLASS   BANK25         

        CLASS   BANK24         

        CLASS   BANK23         

        CLASS   BANK22         

        CLASS   BANK21         

        CLASS   BANK20         

        CLASS   BANK19         

        CLASS   BANK18         

        CLASS   BANK17         

        CLASS   BANK16         

        CLASS   BANK15         

        CLASS   BANK14         

        CLASS   BANK13         

        CLASS   BANK12         

        CLASS   BANK11         

        CLASS   BANK10         

        CLASS   BANK9          

        CLASS   BANK8          

        CLASS   BANK7          

        CLASS   BANK6          

        CLASS   BANK5          



SEGMENTS        Name                           Load    Length   Top    Selector   Space  Class     Delta

                reset_vec                      000000  000003  000003         0       0  CODE        2
                intentry                       000004  000278  00027C         8       0  CODE        2
                cstackBANK0                    000020  000041  000061        20       1  BANK0       1
                cstackCOMMON                   000070  00000D  00007D        70       1  COMMON      1
                dataBANK1                      0000A0  000016  0000B6        A0       1  BANK1       1
                stringtext1                    00027C  000200  00047C       4F8       0  STRCODE     2
                text15                         00047C  000309  000785       8F8       0  CODE        2


UNUSED ADDRESS RANGES

        Name                Unused          Largest block    Delta
        BANK0            00061-0006F               F           1
        BANK1            000B6-000E3              2E           1
        BIGRAM           02000-0215F             160           1
        CODE             00003-00003               1           2
                         00785-00FFF              7B
        COMMON           0007D-0007D               1           1
        CONST            00003-00003               1           2
                         00785-00FFF             100
        EEDATA           0F000-0F0FF             100           2
        ENTRY            00003-00003               1           2
                         00785-00FFF             100
        IDLOC            08000-08003               4           2
        RAM              00061-0006F               F           1
                         000B6-000E3              2E
        SFR0             00000-0001F              20           1
        SFR1             00080-0009F              20           1
        SFR10            00500-0056F              70           1
        SFR11            00580-005EF              70           1
        SFR12            00600-0066F              70           1
        SFR13            00680-006EF              70           1
        SFR14            00700-0076F              70           1
        SFR15            00780-007EF              70           1
        SFR16            00800-0086F              70           1
        SFR17            00880-008EF              70           1
        SFR18            00900-0096F              70           1
        SFR19            00980-009EF              70           1
        SFR2             00100-0011F              20           1
        SFR20            00A00-00A6F              70           1
        SFR21            00A80-00AEF              70           1
        SFR22            00B00-00B6F              70           1
        SFR23            00B80-00BEF              70           1
        SFR24            00C00-00C6F              70           1
        SFR25            00C80-00CEF              70           1
        SFR26            00D00-00D6F              70           1
        SFR27            00D80-00DEF              70           1
        SFR28            00E00-00E6F              70           1
        SFR29            00E80-00EEF              70           1
        SFR3             00180-0019F              20           1
        SFR30            00F00-00F6F              70           1
        SFR31            00F80-00FEF              70           1
        SFR4             00200-0021F              20           1
        SFR5             00280-002EF              70           1
        SFR6             00300-0036F              70           1
        SFR7             00380-003EF              70           1
        SFR8             00400-0046F              70           1
        SFR9             00480-004EF              70           1
        STACK            02066-02093              2E           1
        STRCODE          00003-00003               1           2
                         00785-00FFF             87B
        STRING           00003-00003               1           2
                         00785-00FFF             100

                                  Symbol Table

?_Mos_PtGetModbusObject                        cstackCOMMON 00070
?_crc16                                        cstackBANK0  00020
EUSART_RxDataHandler@tModbusData               cstackCOMMON 00077
EUSART_RxDataHandler@ucReceivedByte            cstackCOMMON 00076
EUSART_SetErrorHandler@interruptHandler        cstackBANK0  00020
EUSART_SetFramingErrorHandler@interruptHandler cstackBANK0  00020
EUSART_SetOverrunErrorHandler@interruptHandler cstackBANK0  00020
EUSART_SetRxInterruptHandler@interruptHandler  cstackBANK0  00020
EUSART_SetTxInterruptHandler@interruptHandler  cstackBANK0  00020
EUSART_Write@txData                            cstackBANK0  00020
MOS_vModBusHandler@u16CalculateCRC             cstackBANK0  0004C
MOS_vModBusHandler@u16ReceivedAddress          cstackBANK0  00051
MOS_vModBusHandler@u16ReceivedCRC              cstackBANK0  0004F
MOS_vModBusHandler@u16ReceivedFunctionCode     cstackBANK0  0004E
MOS_vModbudFun3@i                              cstackBANK0  00043
MOS_vModbudFun3@j                              cstackBANK0  00041
MOS_vModbudFun3@u16RegisterAdd                 cstackBANK0  0003B
MOS_vModbudFun3@u16RegisterLen                 cstackBANK0  0003D
MOS_vModbudFun3@u16TransDataLen                cstackBANK0  00039
MOS_vModbudFun3@u16TransmitCRC                 cstackBANK0  0003F
MOS_vModbudFun6@i                              cstackBANK0  0003C
MOS_vModbudFun6@j                              cstackBANK0  00036
MOS_vModbudFun6@u16RegisterAdd                 cstackBANK0  00038
MOS_vModbudFun6@u16TransmitCRC                 cstackBANK0  00034
MOS_vModbudFun6@u16value                       cstackBANK0  0003A
TMR0_DefaultInterruptHandler@tModbusData       cstackCOMMON 00074
TMR0_DefaultInterruptHandler@u16Count          bssBANK0     0005E
TMR0_SetInterruptHandler@InterruptHandler      cstackBANK0  00020
_ADCON0                                        (abs)        0009D
_ADCON0bits                                    (abs)        0009D
_ADCON1                                        (abs)        0009E
_ADC_Initialize                                text13       0073B
_ADRESH                                        (abs)        0009C
_ADRESL                                        (abs)        0009B
_ANSELA                                        (abs)        0018C
_ANSELB                                        (abs)        0018D
_APFCON0                                       (abs)        0011D
_APFCON1                                       (abs)        0011E
_BAUDCON                                       (abs)        0019F
_BORCON                                        (abs)        00116
_EUSART_DefaultErrorHandler                    text30       00777
_EUSART_DefaultFramingErrorHandler             text29       00784
_EUSART_DefaultOverrunErrorHandler             text28       00773
_EUSART_ErrorHandler                           nvBANK0      00054
_EUSART_FramingErrorHandler                    nvBANK0      00058
_EUSART_Initialize                             text7        00618
_EUSART_OverrunErrorHandler                    nvBANK0      00056
_EUSART_Receive_ISR                            text27       00653
_EUSART_RxDataHandler                          text31       0052C
_EUSART_RxDefaultInterruptHandler              nvBANK0      0005A
_EUSART_SetErrorHandler                        text12       00760
_EUSART_SetFramingErrorHandler                 text11       0075A
_EUSART_SetOverrunErrorHandler                 text10       00754
_EUSART_SetRxInterruptHandler                  text9        0074E
_EUSART_SetTxInterruptHandler                  text8        00748
_EUSART_Transmit_ISR                           text26       00781
_EUSART_TxDefaultInterruptHandler              nvBANK0      0005C
_EUSART_Write                                  text21       006D9
_EUSART_is_tx_done                             text22       0076F
_INTCONbits                                    (abs)        0000B
_INTERRUPT_InterruptManager                    intentry     00004
_LATA                                          (abs)        0010C
_LATB                                          (abs)        0010D
_LATBbits                                      (abs)        0010D
_MOS_tModbusData                               (abs)        02094
_MOS_tModbusPara                               bssBANK0     00060
_MOS_vModBusHandler                            text15       0047C
_MOS_vModbudFun3                               text17       0005D
_MOS_vModbudFun6                               text16       0017B
_MOS_vModbusInit                               text14       00729
_MOS_vModbusReceiveEnalbe                      text20       0077E
_MOS_vModbusTransmitEnalbe                     text19       0077B
_Mos_PtGetModbusObject                         text32       00766
_OPTION_REG                                    (abs)        00095
_OPTION_REGbits                                (abs)        00095
_OSCCON                                        (abs)        00099
_OSCILLATOR_Initialize                         text6        00734
_OSCTUNE                                       (abs)        00098
_PIE1bits                                      (abs)        00091
_PIN_MANAGER_Initialize                        text5        00696
_PIR1bits                                      (abs)        00011
_RCREG                                         (abs)        00199
_RCSTA                                         (abs)        0019D
_RCSTAbits                                     (abs)        0019D
_Reg                                           dataBANK1    000A0
_SPBRGH                                        (abs)        0019C
_SPBRGL                                        (abs)        0019B
_SYSTEM_Initialize                             text1        006EE
_TMR0                                          (abs)        00015
_TMR0_DefaultInterruptHandler                  text25       005D7
_TMR0_ISR                                      text24       00701
_TMR0_Initialize                               text3        006C3
_TMR0_InterruptHandler                         nvBANK0      00052
_TMR0_SetInterruptHandler                      text4        00742
_TRISA                                         (abs)        0008C
_TRISB                                         (abs)        0008D
_TXREG                                         (abs)        0019A
_TXSTA                                         (abs)        0019E
_TXSTAbits                                     (abs)        0019E
_WDTCON                                        (abs)        00097
_WDT_Initialize                                text2        0076B
_WPUA                                          (abs)        0020C
_WPUB                                          (abs)        0020D
__Habs1                                        abs1         00000
__Hbank0                                       bank0        00000
__Hbank1                                       bank1        00000
__Hbank10                                      bank10       00000
__Hbank11                                      bank11       00000
__Hbank12                                      bank12       00000
__Hbank13                                      bank13       00000
__Hbank14                                      bank14       00000
__Hbank15                                      bank15       00000
__Hbank16                                      bank16       00000
__Hbank17                                      bank17       00000
__Hbank18                                      bank18       00000
__Hbank19                                      bank19       00000
__Hbank2                                       bank2        00000
__Hbank20                                      bank20       00000
__Hbank21                                      bank21       00000
__Hbank22                                      bank22       00000
__Hbank23                                      bank23       00000
__Hbank24                                      bank24       00000
__Hbank25                                      bank25       00000
__Hbank26                                      bank26       00000
__Hbank27                                      bank27       00000
__Hbank28                                      bank28       00000
__Hbank29                                      bank29       00000
__Hbank3                                       bank3        00000
__Hbank30                                      bank30       00000
__Hbank31                                      bank31       00000
__Hbank4                                       bank4        00000
__Hbank5                                       bank5        00000
__Hbank6                                       bank6        00000
__Hbank7                                       bank7        00000
__Hbank8                                       bank8        00000
__Hbank9                                       bank9        00000
__Hbigram                                      bigram       00000
__HbssBANK0                                    bssBANK0     00000
__HbssCOMMON                                   bssCOMMON    00000
__Hcinit                                       cinit        0005D
__Hclrtext                                     clrtext      00000
__Hcode                                        code         00000
__Hcommon                                      common       00000
__Hconfig                                      config       08009
__HcstackBANK0                                 cstackBANK0  00000
__HcstackCOMMON                                cstackCOMMON 00000
__HdataBANK1                                   dataBANK1    00000
__Heeprom_data                                 eeprom_data  00000
__Hend_init                                    end_init     0003A
__Hfunctab                                     functab      00000
__HidataBANK1                                  idataBANK1   00000
__Hinit                                        init         00038
__Hinittext                                    inittext     00000
__Hintentry                                    intentry     00038
__Hmaintext                                    maintext     00000
__HnvBANK0                                     nvBANK0      00000
__HnvCOMMON                                    nvCOMMON     00000
__Hpowerup                                     powerup      00000
__Hram                                         ram          00000
__Hreset_vec                                   reset_vec    00003
__Hsfr0                                        sfr0         00000
__Hsfr1                                        sfr1         00000
__Hsfr10                                       sfr10        00000
__Hsfr11                                       sfr11        00000
__Hsfr12                                       sfr12        00000
__Hsfr13                                       sfr13        00000
__Hsfr14                                       sfr14        00000
__Hsfr15                                       sfr15        00000
__Hsfr16                                       sfr16        00000
__Hsfr17                                       sfr17        00000
__Hsfr18                                       sfr18        00000
__Hsfr19                                       sfr19        00000
__Hsfr2                                        sfr2         00000
__Hsfr20                                       sfr20        00000
__Hsfr21                                       sfr21        00000
__Hsfr22                                       sfr22        00000
__Hsfr23                                       sfr23        00000
__Hsfr24                                       sfr24        00000
__Hsfr25                                       sfr25        00000
__Hsfr26                                       sfr26        00000
__Hsfr27                                       sfr27        00000
__Hsfr28                                       sfr28        00000
__Hsfr29                                       sfr29        00000
__Hsfr3                                        sfr3         00000
__Hsfr30                                       sfr30        00000
__Hsfr31                                       sfr31        00000
__Hsfr4                                        sfr4         00000
__Hsfr5                                        sfr5         00000
__Hsfr6                                        sfr6         00000
__Hsfr7                                        sfr7         00000
__Hsfr8                                        sfr8         00000
__Hsfr9                                        sfr9         00000
__Hspace_0                                     (abs)        00785
__Hspace_1                                     (abs)        000B6
__Hspace_2                                     (abs)        00000
__Hspace_3                                     (abs)        00000
__Hspace_4                                     (abs)        10010
__Hstack                                       stack        00000
__Hstrings                                     strings      00000
__Hstringtext1                                 stringtext1  00000
__Hstringtext2                                 stringtext2  00000
__Htext                                        text         00000
__Labs1                                        abs1         00000
__Lbank0                                       bank0        00000
__Lbank1                                       bank1        00000
__Lbank10                                      bank10       00000
__Lbank11                                      bank11       00000
__Lbank12                                      bank12       00000
__Lbank13                                      bank13       00000
__Lbank14                                      bank14       00000
__Lbank15                                      bank15       00000
__Lbank16                                      bank16       00000
__Lbank17                                      bank17       00000
__Lbank18                                      bank18       00000
__Lbank19                                      bank19       00000
__Lbank2                                       bank2        00000
__Lbank20                                      bank20       00000
__Lbank21                                      bank21       00000
__Lbank22                                      bank22       00000
__Lbank23                                      bank23       00000
__Lbank24                                      bank24       00000
__Lbank25                                      bank25       00000
__Lbank26                                      bank26       00000
__Lbank27                                      bank27       00000
__Lbank28                                      bank28       00000
__Lbank29                                      bank29       00000
__Lbank3                                       bank3        00000
__Lbank30                                      bank30       00000
__Lbank31                                      bank31       00000
__Lbank4                                       bank4        00000
__Lbank5                                       bank5        00000
__Lbank6                                       bank6        00000
__Lbank7                                       bank7        00000
__Lbank8                                       bank8        00000
__Lbank9                                       bank9        00000
__Lbigram                                      bigram       00000
__LbssBANK0                                    bssBANK0     00000
__LbssCOMMON                                   bssCOMMON    00000
__Lcinit                                       cinit        0003A
__Lclrtext                                     clrtext      00000
__Lcode                                        code         00000
__Lcommon                                      common       00000
__Lconfig                                      config       00000
__LcstackBANK0                                 cstackBANK0  00000
__LcstackCOMMON                                cstackCOMMON 00000
__LdataBANK1                                   dataBANK1    00000
__Leeprom_data                                 eeprom_data  00000
__Lend_init                                    end_init     00038
__Lfunctab                                     functab      00000
__LidataBANK1                                  idataBANK1   00000
__Linit                                        init         00038
__Linittext                                    inittext     00000
__Lintentry                                    intentry     00004
__Lmaintext                                    maintext     00000
__LnvBANK0                                     nvBANK0      00000
__LnvCOMMON                                    nvCOMMON     00000
__Lpowerup                                     powerup      00000
__Lram                                         ram          00000
__Lreset_vec                                   reset_vec    00000
__Lsfr0                                        sfr0         00000
__Lsfr1                                        sfr1         00000
__Lsfr10                                       sfr10        00000
__Lsfr11                                       sfr11        00000
__Lsfr12                                       sfr12        00000
__Lsfr13                                       sfr13        00000
__Lsfr14                                       sfr14        00000
__Lsfr15                                       sfr15        00000
__Lsfr16                                       sfr16        00000
__Lsfr17                                       sfr17        00000
__Lsfr18                                       sfr18        00000
__Lsfr19                                       sfr19        00000
__Lsfr2                                        sfr2         00000
__Lsfr20                                       sfr20        00000
__Lsfr21                                       sfr21        00000
__Lsfr22                                       sfr22        00000
__Lsfr23                                       sfr23        00000
__Lsfr24                                       sfr24        00000
__Lsfr25                                       sfr25        00000
__Lsfr26                                       sfr26        00000
__Lsfr27                                       sfr27        00000
__Lsfr28                                       sfr28        00000
__Lsfr29                                       sfr29        00000
__Lsfr3                                        sfr3         00000
__Lsfr30                                       sfr30        00000
__Lsfr31                                       sfr31        00000
__Lsfr4                                        sfr4         00000
__Lsfr5                                        sfr5         00000
__Lsfr6                                        sfr6         00000
__Lsfr7                                        sfr7         00000
__Lsfr8                                        sfr8         00000
__Lsfr9                                        sfr9         00000
__Lspace_0                                     (abs)        00000
__Lspace_1                                     (abs)        00000
__Lspace_2                                     (abs)        00000
__Lspace_3                                     (abs)        00000
__Lspace_4                                     (abs)        00000
__Lstack                                       stack        00000
__Lstrings                                     strings      00000
__Lstringtext1                                 stringtext1  00000
__Lstringtext2                                 stringtext2  00000
__Ltext                                        text         00000
__S0                                           (abs)        00785
__S1                                           (abs)        000B6
__S2                                           (abs)        00000
__S3                                           (abs)        00000
___int_sp                                      stack        00000
___latbits                                     (abs)        00001
___sp                                          stack        00000
___stackhi                                     (abs)        02093
___stacklo                                     (abs)        02066
__end_of_ADC_Initialize                        text13       00742
__end_of_EUSART_DefaultErrorHandler            text30       0077B
__end_of_EUSART_DefaultFramingErrorHandler     text29       00785
__end_of_EUSART_DefaultOverrunErrorHandler     text28       00777
__end_of_EUSART_Initialize                     text7        00653
__end_of_EUSART_Receive_ISR                    text27       0067C
__end_of_EUSART_RxDataHandler                  text31       00582
__end_of_EUSART_SetErrorHandler                text12       00766
__end_of_EUSART_SetFramingErrorHandler         text11       00760
__end_of_EUSART_SetOverrunErrorHandler         text10       0075A
__end_of_EUSART_SetRxInterruptHandler          text9        00754
__end_of_EUSART_SetTxInterruptHandler          text8        0074E
__end_of_EUSART_Transmit_ISR                   text26       00784
__end_of_EUSART_Write                          text21       006EE
__end_of_EUSART_is_tx_done                     text22       00773
__end_of_INTERRUPT_InterruptManager            intentry     00038
__end_of_MOS_vModBusHandler                    text15       0052C
__end_of_MOS_vModbudFun3                       text17       0017B
__end_of_MOS_vModbudFun6                       text16       0027C
__end_of_MOS_vModbusInit                       text14       00734
__end_of_MOS_vModbusReceiveEnalbe              text20       00781
__end_of_MOS_vModbusTransmitEnalbe             text19       0077E
__end_of_Mos_PtGetModbusObject                 text32       0076B
__end_of_OSCILLATOR_Initialize                 text6        0073B
__end_of_PIN_MANAGER_Initialize                text5        006AD
__end_of_SYSTEM_Initialize                     text1        00701
__end_of_TMR0_DefaultInterruptHandler          text25       00618
__end_of_TMR0_ISR                              text24       00711
__end_of_TMR0_Initialize                       text3        006D9
__end_of_TMR0_SetInterruptHandler              text4        00748
__end_of_WDT_Initialize                        text2        0076F
__end_of__initialization                       cinit        00059
__end_of_auchCRCHi                             stringtext2  0047C
__end_of_auchCRCLo                             stringtext1  0037C
__end_of_crc16                                 text18       005D7
__end_of_main                                  maintext     00696
__initialization                               cinit        0003A
__pbssBANK0                                    bssBANK0     0005E
__pbssBIGRAM                                   (abs)        02094
__pbssCOMMON                                   bssCOMMON    00079
__pcstackBANK0                                 cstackBANK0  00020
__pcstackCOMMON                                cstackCOMMON 00070
__pdataBANK1                                   dataBANK1    000A0
__pidataBANK1                                  idataBANK1   006AD
__pintentry                                    intentry     00004
__pmaintext                                    maintext     0067C
__pnvBANK0                                     nvBANK0      00052
__pnvCOMMON                                    nvCOMMON     0007C
__pstringtext1                                 stringtext1  0027C
__pstringtext2                                 stringtext2  0037C
__ptext1                                       text1        006EE
__ptext10                                      text10       00754
__ptext11                                      text11       0075A
__ptext12                                      text12       00760
__ptext13                                      text13       0073B
__ptext14                                      text14       00729
__ptext15                                      text15       0047C
__ptext16                                      text16       0017B
__ptext17                                      text17       0005D
__ptext18                                      text18       00582
__ptext19                                      text19       0077B
__ptext2                                       text2        0076B
__ptext20                                      text20       0077E
__ptext21                                      text21       006D9
__ptext22                                      text22       0076F
__ptext24                                      text24       00701
__ptext25                                      text25       005D7
__ptext26                                      text26       00781
__ptext27                                      text27       00653
__ptext28                                      text28       00773
__ptext29                                      text29       00784
__ptext3                                       text3        006C3
__ptext30                                      text30       00777
__ptext31                                      text31       0052C
__ptext32                                      text32       00766
__ptext4                                       text4        00742
__ptext5                                       text5        00696
__ptext6                                       text6        00734
__ptext7                                       text7        00618
__ptext8                                       text8        00748
__ptext9                                       text9        0074E
__size_of_ADC_Initialize                       (abs)        00000
__size_of_EUSART_DefaultErrorHandler           (abs)        00000
__size_of_EUSART_DefaultFramingErrorHandler    (abs)        00000
__size_of_EUSART_DefaultOverrunErrorHandler    (abs)        00000
__size_of_EUSART_Initialize                    (abs)        00000
__size_of_EUSART_Receive_ISR                   (abs)        00000
__size_of_EUSART_RxDataHandler                 (abs)        00000
__size_of_EUSART_SetErrorHandler               (abs)        00000
__size_of_EUSART_SetFramingErrorHandler        (abs)        00000
__size_of_EUSART_SetOverrunErrorHandler        (abs)        00000
__size_of_EUSART_SetRxInterruptHandler         (abs)        00000
__size_of_EUSART_SetTxInterruptHandler         (abs)        00000
__size_of_EUSART_Transmit_ISR                  (abs)        00000
__size_of_EUSART_Write                         (abs)        00000
__size_of_EUSART_is_tx_done                    (abs)        00000
__size_of_INTERRUPT_InterruptManager           (abs)        00000
__size_of_MOS_vModBusHandler                   (abs)        00000
__size_of_MOS_vModbudFun3                      (abs)        00000
__size_of_MOS_vModbudFun6                      (abs)        00000
__size_of_MOS_vModbusInit                      (abs)        00000
__size_of_MOS_vModbusReceiveEnalbe             (abs)        00000
__size_of_MOS_vModbusTransmitEnalbe            (abs)        00000
__size_of_Mos_PtGetModbusObject                (abs)        00000
__size_of_OSCILLATOR_Initialize                (abs)        00000
__size_of_PIN_MANAGER_Initialize               (abs)        00000
__size_of_SYSTEM_Initialize                    (abs)        00000
__size_of_TMR0_DefaultInterruptHandler         (abs)        00000
__size_of_TMR0_ISR                             (abs)        00000
__size_of_TMR0_Initialize                      (abs)        00000
__size_of_TMR0_SetInterruptHandler             (abs)        00000
__size_of_WDT_Initialize                       (abs)        00000
__size_of_crc16                                (abs)        00000
__size_of_main                                 (abs)        00000
_auchCRCHi                                     stringtext2  0037C
_auchCRCLo                                     stringtext1  0027C
_crc16                                         text18       00582
_eusartRxLastError                             bssCOMMON    0007B
_main                                          maintext     0067C
_timer0ReloadVal                               nvCOMMON     0007C
btemp                                          (abs)        0007E
clear_ram0                                     clrtext      0071D
crc16@puchMsg                                  cstackBANK0  00020
crc16@uIndex                                   cstackBANK0  00029
crc16@uchCRCHi                                 cstackBANK0  0002D
crc16@uchCRCLo                                 cstackBANK0  0002E
crc16@usDataLen                                cstackBANK0  00022
end_of_initialization                          cinit        00059
init_ram                                       inittext     00711
int$flags                                      (abs)        0007E
intlevel0                                      functab      00000
intlevel1                                      functab      00000
intlevel2                                      functab      00000
intlevel3                                      functab      00000
intlevel4                                      functab      00000
intlevel5                                      functab      00000
reset_vec                                      reset_vec    00000
start                                          init         00038
start_initialization                           cinit        0003A
wtemp0                                         (abs)        0007E


MODULE INFORMATION

Module		Function		Class		Link	Load	Size
mcc_generated_files/interrupt_manager.c
		_INTERRUPT_InterruptManager		CODE           	0004	0000	52

mcc_generated_files/interrupt_manager.c estimated size: 52

mcc_generated_files/tmr0.c
		_TMR0_SetInterruptHandler		CODE           	0742	0000	6
		_TMR0_DefaultInterruptHandler		CODE           	05D7	0000	65
		_TMR0_ISR      		CODE           	0701	0000	16
		_TMR0_Initialize		CODE           	06C3	0000	22

mcc_generated_files/tmr0.c estimated size: 109

mcc_generated_files/pin_manager.c
		_PIN_MANAGER_Initialize		CODE           	0696	0000	23

mcc_generated_files/pin_manager.c estimated size: 23

mcc_generated_files/adc.c
		_ADC_Initialize		CODE           	073B	0000	7

mcc_generated_files/adc.c estimated size: 7

Modbus_CRC/ModbusCRC.c
		_crc16         		CODE           	0582	0000	85

Modbus_CRC/ModbusCRC.c estimated size: 85

shared
		__initialization		CODE           	003A	0000	31
		_auchCRCHi     		STRCODE        	037C	0000	256
		_auchCRCLo     		STRCODE        	027C	0000	256

shared estimated size: 543

mcc_generated_files/mcc.c
		_WDT_Initialize		CODE           	076B	0000	4
		_OSCILLATOR_Initialize		CODE           	0734	0000	7
		_SYSTEM_Initialize		CODE           	06EE	0000	19

mcc_generated_files/mcc.c estimated size: 30

Modbus_uart/Modbus.c
		_MOS_vModbusInit		CODE           	0729	0000	11
		_Mos_PtGetModbusObject		CODE           	0766	0000	5
		_MOS_vModBusHandler		CODE           	047C	0000	176
		_MOS_vModbusTransmitEnalbe		CODE           	077B	0000	3
		_MOS_vModbusReceiveEnalbe		CODE           	077E	0000	3
		_MOS_vModbudFun3		CODE           	005D	0000	286
		_MOS_vModbudFun6		CODE           	017B	0000	257

Modbus_uart/Modbus.c estimated size: 741

mcc_generated_files/eusart.c
		_EUSART_SetRxInterruptHandler		CODE           	074E	0000	6
		_EUSART_SetTxInterruptHandler		CODE           	0748	0000	6
		_EUSART_DefaultOverrunErrorHandler		CODE           	0773	0000	4
		_EUSART_Write  		CODE           	06D9	0000	21
		_EUSART_DefaultErrorHandler		CODE           	0777	0000	4
		_EUSART_Transmit_ISR		CODE           	0781	0000	3
		_EUSART_is_tx_done		CODE           	076F	0000	4
		_EUSART_Initialize		CODE           	0618	0000	59
		_EUSART_SetFramingErrorHandler		CODE           	075A	0000	6
		_EUSART_SetErrorHandler		CODE           	0760	0000	6
		_EUSART_SetOverrunErrorHandler		CODE           	0754	0000	6
		_EUSART_Receive_ISR		CODE           	0653	0000	41
		_EUSART_RxDataHandler		CODE           	052C	0000	86
		_EUSART_DefaultFramingErrorHandler		CODE           	0784	0000	1

mcc_generated_files/eusart.c estimated size: 253

main.c
		_main          		CODE           	067C	0000	26

main.c estimated size: 26

